// Jest Snapshot v1, https://goo.gl/fbAQLP

exports[`<NavBar /> renders without crashing given the required props 1`] = `
<Fragment>
  <nav
    className="main--navbar"
  >
    <div
      className="container"
    >
      <div
        className="row middle"
      >
        <div
          className="navbar--logo"
        >
          <Link
            to="/"
          >
            <span
              className="primary-text"
            >
              i
            </span>
            REPORTER
          </Link>
        </div>
        <div
          className="column"
        >
          <div
            className="navbar--right row middle"
          >
            <Link
              className="btn btn-secondary"
              to="/browse"
            >
              <i
                className="fas fa-search"
              />
              Browse
              <span
                className="text"
              >
                 Records
              </span>
            </Link>
            <Link
              className="btn btn-secondary add-button"
              to="/"
            >
              <i
                className="fas fa-plus"
              />
              <span
                className="text"
              >
                Add a record
              </span>
            </Link>
            <div
              className="navbar--icons"
            >
              <a
                href="#!"
                title="notification"
              >
                <i
                  className="far fa-bell"
                />
              </a>
              <div
                className="dropdown"
              >
                <a
                  href="#!"
                  title="dashboard menu"
                >
                  <i
                    className="fa fa-th"
                  />
                </a>
                <div
                  className="dropdown--menu"
                >
                  <span>
                    Account
                  </span>
                  <a
                    href="#!"
                    id="dashboard-link"
                  >
                    <i
                      className="fas fa-tachometer-alt"
                    />
                    Dashboard
                  </a>
                  <Link
                    to="/profile"
                  >
                    <i
                      className="far fa-user"
                    />
                    Profile
                  </Link>
                  <Link
                    to="/settings"
                  >
                    <i
                      className="fas fa-cog"
                    />
                    Settings
                  </Link>
                  <hr />
                  <span>
                    Session
                  </span>
                  <a
                    href="#!"
                    id="logout"
                  >
                    <i
                      className="fas fa-sign-out-alt"
                    />
                    Sign Out
                    <span
                      className="username"
                    >
                      (dbrandy)
                    </span>
                  </a>
                </div>
              </div>
            </div>
          </div>
        </div>
      </div>
    </div>
  </nav>
</Fragment>
`;
