// Jest Snapshot v1, https://goo.gl/fbAQLP

exports[`<SignupForm /> renders without crashing given the required props 1`] = `
<form
  className="signup--form"
  id="signup-form"
  onSubmit={[Function]}
>
  <p
    className="hint"
  >
    Fill the form below to create an account
  </p>
  <hr
    className="dash"
  />
  <div
    className="input-wrapper"
  >
    <input
      minLength="3"
      name="firstname"
      onChange={[Function]}
      placeholder="First name"
      required={true}
      type="text"
    />
  </div>
  <div
    className="input-wrapper"
  >
    <input
      minLength="3"
      name="lastname"
      onChange={[Function]}
      placeholder="Last name"
      required={true}
      type="text"
    />
  </div>
  <div
    className="input-wrapper"
  >
    <input
      id="phonenumber"
      minLength="11"
      name="phoneNumber"
      onChange={[Function]}
      placeholder="Phone number"
      required={true}
      type="text"
    />
  </div>
  <div
    className="input-wrapper"
  >
    <input
      name="email"
      onChange={[Function]}
      pattern="^([^\\\\x00-\\\\x20\\\\x22\\\\x28\\\\x29\\\\x2c\\\\x2e\\\\x3a-\\\\x3c\\\\x3e\\\\x40\\\\x5b-\\\\x5d\\\\x7f-\\\\xff]+|\\\\x22([^\\\\x0d\\\\x22\\\\x5c\\\\x80-\\\\xff]|\\\\x5c[\\\\x00-\\\\x7f])*\\\\x22)(\\\\x2e([^\\\\x00-\\\\x20\\\\x22\\\\x28\\\\x29\\\\x2c\\\\x2e\\\\x3a-\\\\x3c\\\\x3e\\\\x40\\\\x5b-\\\\x5d\\\\x7f-\\\\xff]+|\\\\x22([^\\\\x0d\\\\x22\\\\x5c\\\\x80-\\\\xff]|\\\\x5c[\\\\x00-\\\\x7f])*\\\\x22))*\\\\x40([^\\\\x00-\\\\x20\\\\x22\\\\x28\\\\x29\\\\x2c\\\\x2e\\\\x3a-\\\\x3c\\\\x3e\\\\x40\\\\x5b-\\\\x5d\\\\x7f-\\\\xff]+|\\\\x5b([^\\\\x0d\\\\x5b-\\\\x5d\\\\x80-\\\\xff]|\\\\x5c[\\\\x00-\\\\x7f])*\\\\x5d)(\\\\x2e([^\\\\x00-\\\\x20\\\\x22\\\\x28\\\\x29\\\\x2c\\\\x2e\\\\x3a-\\\\x3c\\\\x3e\\\\x40\\\\x5b-\\\\x5d\\\\x7f-\\\\xff]+|\\\\x5b([^\\\\x0d\\\\x5b-\\\\x5d\\\\x80-\\\\xff]|\\\\x5c[\\\\x00-\\\\x7f])*\\\\x5d))*$"
      placeholder="Email address"
      type="email"
    />
  </div>
  <div
    className="input-wrapper"
  >
    <input
      name="username"
      onChange={[Function]}
      placeholder="Username"
      required={true}
      type="text"
    />
  </div>
  <PasswordInput
    handleOnChange={[Function]}
    label=""
    labelText=""
    minLength="6"
    name="password"
    pattern="(?=.*\\\\d)(?=.*[a-z])(?=.*[A-Z]).{8,}"
    placeholder="Password"
    title="Please include at least 1 uppercase character, 1 lowercase character, and 1 number."
  />
  <PasswordInput
    handleOnChange={[Function]}
    label=""
    labelText=""
    minLength={null}
    name="passwordConfirmation"
    pattern={null}
    placeholder="Repeat password"
    title={null}
  />
  <button
    className="btn btn-primary mb-10"
    type="submit"
  >
    Register
  </button>
</form>
`;
