// Jest Snapshot v1, https://goo.gl/fbAQLP

exports[`<Dashboard /> renders without crashing given the required props 1`] = `
<Fragment>
  <Layout>
    <withRouter(Panel)
      title="Dashboard"
    >
      <div
        className="overview"
      >
        <div
          className="row"
        >
          <div
            className="card"
          >
            <span
              className="count"
              id="total-records"
            />
            <h5>
              Total Records
            </h5>
          </div>
          <div
            className="card"
          >
            <span
              className="count"
              id="investigation-count"
            />
            <h5>
              Under investigation
            </h5>
          </div>
          <div
            className="card"
          >
            <span
              className="count"
              id="resolved-count"
            />
            <h5>
              Resolved
            </h5>
          </div>
          <div
            className="card"
          >
            <span
              className="count"
              id="rejected-count"
            />
            <h5>
              Rejected
            </h5>
          </div>
        </div>
      </div>
      <hr
        className="dash"
      />
      <div
        className="responsive-table"
      >
        <table
          id="records-table"
        >
          <thead>
            <tr>
              <th>
                Record Title
              </th>
              <th>
                Type
              </th>
              <th>
                Created On
              </th>
              <th>
                Status
              </th>
              <th />
            </tr>
          </thead>
          <tbody
            id="record-list"
          >
            <tr>
              <td
                colSpan="4"
              >
                <div
                  align="center"
                >
                  You have no records yet.
                   
                  <Link
                    className="btn btn-success btn-sm"
                    to="/new/record"
                  >
                    Create New Record
                  </Link>
                </div>
              </td>
            </tr>
          </tbody>
        </table>
      </div>
      <div
        className="preload"
      >
        <div
          className="preloader hide"
        />
      </div>
      <Modal
        ariaHideApp={true}
        bodyOpenClassName="ReactModal__Body--open"
        closeTimeoutMS={0}
        contentLabel=""
        isOpen={false}
        onAfterOpen={[Function]}
        onRequestClose={[Function]}
        parentSelector={[MockFunction]}
        portalClassName="ReactModalPortal"
        role="dialog"
        shouldCloseOnEsc={true}
        shouldCloseOnOverlayClick={true}
        shouldFocusAfterRender={true}
        shouldReturnFocusAfterClose={true}
        style={
          Object {
            "content": Object {
              "bottom": "auto",
              "left": "50%",
              "marginRight": "-50%",
              "minWidth": "60%",
              "padding": "0",
              "right": "auto",
              "top": "50%",
              "transform": "translate(-50%, -50%)",
            },
          }
        }
      >
        <div
          className="modal--content"
        >
          <header
            className="modal--label"
          >
            <h3>
              Record information
            </h3>
          </header>
          <div
            className="modal--body"
          >
            <div
              id="map"
            />
            <span
              className="location"
            >
              <i
                className="fas fa-map-marker-alt"
              />
               
              <span
                className="text"
              />
            </span>
            <div
              className="title"
            >
              <h4 />
            </div>
            <p
              className="comment mt-10"
            />
            <div
              className="media"
            >
              <h6>
                Media
              </h6>
              <div
                className="row gallery"
              >
                <div
                  className="row tabs"
                >
                  No media available
                </div>
              </div>
            </div>
          </div>
          <footer
            className="modal--footer"
          >
            <div
              className="wrapper"
            >
              <button
                className="btn btn-primary cancel"
                onClick={[Function]}
                type="button"
              >
                close
              </button>
            </div>
          </footer>
        </div>
      </Modal>
    </withRouter(Panel)>
  </Layout>
</Fragment>
`;
