// Jest Snapshot v1, https://goo.gl/fbAQLP

exports[`<PasswordInput /> renders without crashing given the required props 1`] = `
<label
  htmlFor=""
>
  <div
    className="input-wrapper"
  >
    <input
      minLength={null}
      name=""
      onChange={[Function]}
      pattern={null}
      placeholder=""
      required={true}
      style={
        Object {
          "borderRight": 0,
        }
      }
      title={null}
      type="password"
    />
    <i
      className="fas fa-eye-slash icon"
      onClick={[Function]}
    />
  </div>
</label>
`;
