// Jest Snapshot v1, https://goo.gl/fbAQLP

exports[`<BrowseRecords /> renders without crashing given the required props 1`] = `
<Fragment>
  <Layout>
    <withRouter(Panel)
      title="Browse Records"
    >
      <div
        className="records-list"
      >
        <div
          className="row"
        >
          <Record />
        </div>
      </div>
    </withRouter(Panel)>
  </Layout>
</Fragment>
`;
